<html xmlns="http://www.w3.org/1999/xhtml"><head><meta http-equiv="Content-Type" content="text/html; charset=UTF-8" /><title>Article wrapper</title><meta charset="utf-8" /><meta name="generator" content="DocBook XSL 2.0 Stylesheets V2.0.17" /><link rel="stylesheet" type="text/css" href="../../resources/css/default.css" /><link rel="stylesheet" type="text/css" href="http://ajax.googleapis.com/ajax/libs/jqueryui/1.11.4/themes/start/jquery-ui.css" /><script type="text/javascript" src="../../resources/js/dbmodnizr.js"></script><link href="../../resources/css/prism.css" rel="stylesheet" type="text/css" /><link href="../../resources/css/db-prism.css" rel="stylesheet" type="text/css" /></head><body><article id="R.1" class="article"><header class="article-titlepage"><h2>Article wrapper</h2></header><p>This article tests <span id="here">annotations<a class="dialog-link" href="#annotation-d852e0" title="Annotation link"><span class="ui-icon ui-icon-comment inline-icon"></span></a></span>.
Annotations can point in either direction. This paragraph contains an
annotation target.</p><p>This paragraph asserts that it is annotated
by the annotation “there”.<a class="dialog-link" href="#annotation-d854e0" title="Annotation link"><span class="ui-icon ui-icon-comment inline-icon"></span></a></p><figure id="R.1.5" class="table-wrapper"><div class="table"><table><tbody><tr>
  <td xml:id="r1c1">R1C1<a class="dialog-link" href="#annotation-d855e0" title="Annotation link"><span class="ui-icon ui-icon-comment inline-icon"></span></a></td>
  <td xml:id="r1c2">R1C2<a class="dialog-link" href="#annotation-d856e0" title="Annotation link"><span class="ui-icon ui-icon-comment inline-icon"></span></a></td>
</tr></tbody></table></div></figure><div class="annotations-list"><div id="annotation-d852e0" class="dialog annotation-hide"><p>This annotation annotates the word
“annotations” in the preceding paragraph.</p>
</div><div id="annotation-d854e0" class="dialog annotation-hide"><p>This annotation annotates the second
paragraph of this article.</p>
</div><div id="annotation-d855e0" class="dialog annotation-hide"><p>This annotation annotates R1C1 and R1C2.</p>
</div><div id="annotation-d856e0" class="dialog annotation-hide"><p>This annotation annotates R1C1 and R1C2.</p>
</div></div></article><script type="text/javascript" src="http://code.jquery.com/jquery-1.6.4.min.js"></script><script type="text/javascript" src="http://ajax.googleapis.com/ajax/libs/jqueryui/1.11.4/jquery-ui.min.js"></script><script type="text/javascript" src="../../resources/js/annotation.js"></script><script src="../../resources/js/prism.js"></script></body></html>