<html xmlns="http://www.w3.org/1999/xhtml"><head><meta http-equiv="Content-Type" content="text/html; charset=UTF-8" /><title>Unit Test: article.005.xml</title><meta charset="utf-8" /><meta name="generator" content="DocBook XSL 2.0 Stylesheets V2.0.17" /><link rel="stylesheet" type="text/css" href="../../resources/css/default.css" /><script type="text/javascript" src="../../resources/js/dbmodnizr.js"></script><link href="../../resources/css/prism.css" rel="stylesheet" type="text/css" /><link href="../../resources/css/db-prism.css" rel="stylesheet" type="text/css" /></head><body><article id="article" class="article"><header class="article-titlepage"><h2>Unit Test: article.005.xml</h2><h3>The Subtitle</h3><div class="author"><h3><span class="personname"><span class="firstname">Adam</span> <span class="surname">Di Carlo</span></span></h3></div></header><div class="lists-of-titles"><div class="toc"><p><b>Table of Contents</b></p><ul class="toc"><li><span><a href="#article.3">Sect1</a></span><ul class="toc"><li><span><a href="#article.3.3">Sect2</a></span></li></ul></li><li><span><a href="#article.4">SecondAbbrev</a></span></li><li><span><a href="#article.5">Second1Info</a></span></li></ul></div></div><p>Testing article subtitle, TOC title and sect1info.</p><section id="article.3" class="sect1"><div class="section-titlepage"><h2>Sect1</h2></div><p>
Some text.  Some text.  Some text.  Some text.  Some text.  Some text.
Some text.  Some text.  Some text.  Some text.  Some text.  Some text.
Some text.  Some text.  Some text.  Some text.  Some text.  Some text.
Some text.  Some text.  Some text.  Some text.  Some text.  Some text.
</p><section id="article.3.3" class="sect2"><div class="section-titlepage"><h3>Sect2</h3></div><p>
Some text.  Some text.  Some text.  Some text.  Some text.  Some text.
Some text.  Some text.  Some text.  Some text.  Some text.  Some text.
Some text.  Some text.  Some text.  Some text.  Some text.  Some text.
</p></section></section><section id="article.4" class="sect1"><div class="section-titlepage"><h2>Second Sect1</h2></div><p>
The <code class="tag-element">titleabbrev</code> is set to
<code class="literal">SecondAbbrev</code>.  Ensure it's using the abbreviated
title in the TOC.</p><p>
Foo bar foo bar.  Foo bar foo bar.  Foo bar foo bar.  Foo bar foo bar.
Foo bar foo bar.  Foo bar foo bar.  Foo bar foo bar.  Foo bar foo bar.
Foo bar foo bar.  Foo bar foo bar.
</p></section><section id="article.5" class="sect1"><div class="section-titlepage"><h2>Using Sect1Info</h2></div><p>
The <code class="tag-element">titleabbrev</code> is set to
<code class="literal">Second1Info</code>.  Ensure it's using the abbreviated
title in the TOC.</p><p>
Foo bar foo bar.  Foo bar foo bar.  Foo bar foo bar.  Foo bar foo bar.
Foo bar foo bar.  Foo bar foo bar.  Foo bar foo bar.  Foo bar foo bar.
Foo bar foo bar.  Foo bar foo bar.
</p></section></article><script src="../../resources/js/prism.js"></script></body></html>