<html xmlns="http://www.w3.org/1999/xhtml"><head><meta http-equiv="Content-Type" content="text/html; charset=UTF-8" /><title>Unit Test: author.001</title><meta charset="utf-8" /><meta name="generator" content="DocBook XSL 2.0 Stylesheets V2.0.17" /><link rel="stylesheet" type="text/css" href="../../resources/css/default.css" /><script type="text/javascript" src="../../resources/js/dbmodnizr.js"></script><link href="../../resources/css/prism.css" rel="stylesheet" type="text/css" /><link href="../../resources/css/db-prism.css" rel="stylesheet" type="text/css" /></head><body><article id="book" class="book"><header class="book-titlepage"><h1>Unit Test: author.001</h1><div class="authorgroup"><div class="author"><h3><span class="orgname">SomeCorp</span></h3></div><div class="author first-last"><h3><span class="personname"><span class="honorific">Mr</span>. <span class="firstname">FirstFirstlast</span> <span class="othername">Middlename</span> <span class="surname">Surname</span>, <span class="lineage">Jr</span></span></h3></div><div class="author last-first"><h3><span class="personname"><span class="surname">Surname</span>, <span class="firstname">FirstLastfirst</span></span></h3></div><div class="author family-given"><h3><span class="personname"><span class="surname">SURNAME</span> <span class="firstname">FirstFamilygiven</span> [FAMILY Given]</span></h3></div></div></header><div class="lists-of-titles"><div class="toc"><p><b>Table of Contents</b></p><ul class="toc"><li><span><a href="#book.2">1. Chapter Title</a></span></li></ul></div></div><article id="book.2" class="chapter"><header class="chapter-titlepage"><h2>Chapter 1. Chapter Title</h2></header><p>Content statisfies a book.</p></article></article><script src="../../resources/js/prism.js"></script></body></html>