<html xmlns="http://www.w3.org/1999/xhtml"><head><meta http-equiv="Content-Type" content="text/html; charset=UTF-8" /><title>Unit Test: author.002</title><meta charset="utf-8" /><meta name="generator" content="DocBook XSL 2.0 Stylesheets V2.0.17" /><link rel="stylesheet" type="text/css" href="../../resources/css/default.css" /><script type="text/javascript" src="../../resources/js/dbmodnizr.js"></script><link href="../../resources/css/prism.css" rel="stylesheet" type="text/css" /><link href="../../resources/css/db-prism.css" rel="stylesheet" type="text/css" /></head><body><article id="book" class="book"><header class="book-titlepage"><h1>Unit Test: author.002</h1></header><div class="lists-of-titles"><div class="toc"><p><b>Table of Contents</b></p><ul class="toc"><li><span><a href="#book.2">1. Chapter Title</a></span></li></ul></div></div><article id="book.2" class="chapter"><header class="chapter-titlepage"><h2>Chapter 1. Chapter Title</h2></header><table border="0" summary="Simple list" class="simplelist"><tr><td><span class="member">
<span id="a1" class="author first-last"><span class="honorific">Mr</span>. <span class="firstname">FirstFirstlast</span> <span class="othername">Middlename</span> <span class="surname">Surname</span>, <span class="lineage">Jr</span></span>
</span></td></tr><tr><td><span id="m2" class="member">
<span class="author last-first"><span class="surname">Surname</span>, <span class="firstname">FirstLastfirst</span></span>
</span></td></tr><tr><td><span class="member">
<span class="author family-given"><span class="surname">SURNAME</span> <span class="firstname">FirstFamilygiven</span> [FAMILY Given]</span>
</span></td></tr></table><p>See <a href="#a1">first author</a> or
<a href="#m2">second member</a>.</p></article></article><script src="../../resources/js/prism.js"></script></body></html>