<html xmlns="http://www.w3.org/1999/xhtml"><head><meta http-equiv="Content-Type" content="text/html; charset=UTF-8" /><title>Unit Test: bibliolist.001</title><meta charset="utf-8" /><meta name="generator" content="DocBook XSL 2.0 Stylesheets V2.0.17" /><link rel="stylesheet" type="text/css" href="../../resources/css/default.css" /><script type="text/javascript" src="../../resources/js/dbmodnizr.js"></script><link href="../../resources/css/prism.css" rel="stylesheet" type="text/css" /><link href="../../resources/css/db-prism.css" rel="stylesheet" type="text/css" /></head><body><article id="R.1" class="article"><header class="article-titlepage"><h2>Unit Test: bibliolist.001</h2></header><p>This is a article.</p><div id="R.1.3" class="bibliolist"><h3>Bibliography List</h3>


<div class="biblioentry"><p class="biblioentry"><span class="label">[<span class="abbrev">AhoSethiUllman96</span>] </span><span class="entry"><span class="authorgroup"><span class="firstname">Alfred V.</span> <span class="surname">Aho</span>, <span class="firstname">Ravi</span> <span class="surname">Sethi</span>, and <span class="firstname">Jeffrey D.</span> <span class="surname">Ullman</span></span>. <span class="title"><cite>Compilers, Principles, Techniques, and Tools</cite></span>. <span class="publishername">Addison-Wesley Publishing Company</span>. <span class="copyright">Copyright © <span class="years">1996</span> <span class="holders"><span class="holder">Bell Telephone Laboratories, Inc.</span></span></span> <span class="biblioid">0-201-10088-6</span>. <span class="editor"><span class="firstname">James T.</span> <span class="surname">DeWolf</span></span>. </span></p></div>

<div id="Walsh97" class="biblioentry"><p class="biblioentry"><span class="label">[<span class="abbrev">Walsh97</span>] </span><span class="entry"><span class="biblioset">“A Guide to XML”. <span class="author"><span class="firstname">Norman</span> <span class="surname">Walsh</span></span>. <span class="pubdate">1997</span>. <span class="copyright">Copyright © <span class="years">1997</span> <span class="holders"><span class="holder">ArborText, Inc.</span></span></span> <span class="pagenums">97-108</span>. </span><span class="biblioset"><cite>XML: Principles, Tools, and Techniques</cite>. <span class="publishername">O'Reilly &amp; Associates, Inc.</span> <span class="biblioid">1085-2301</span>. <span class="editor"><span class="firstname">Dan</span> <span class="surname">Connolly</span></span>. </span></span></p></div>
</div><p>This is another paragraph.</p></article><script src="../../resources/js/prism.js"></script></body></html>