<html xmlns="http://www.w3.org/1999/xhtml"><head><meta http-equiv="Content-Type" content="text/html; charset=UTF-8" /><title>Unit Test: book.004</title><meta charset="utf-8" /><meta name="generator" content="DocBook XSL 2.0 Stylesheets V2.0.17" /><link rel="stylesheet" type="text/css" href="../../resources/css/default.css" /><script type="text/javascript" src="../../resources/js/dbmodnizr.js"></script><link href="../../resources/css/prism.css" rel="stylesheet" type="text/css" /><link href="../../resources/css/db-prism.css" rel="stylesheet" type="text/css" /></head><body><article id="book" class="book"><header class="book-titlepage"><h1>Unit Test: book.004</h1></header><div class="lists-of-titles"><div class="toc"><p><b>Table of Contents</b></p><ul class="toc"><li><span><a href="#chap1">1. First <code class="filename">Filename</code> Chapter</a></span></li><li><span><a href="#chap2">2. My Product<em><sup>plus</sup></em> description</a></span></li></ul></div></div><article id="chap1" class="chapter"><header class="chapter-titlepage"><h2>Chapter 1. First <code class="filename">Filename</code> Chapter</h2><div class="abstract"><p>bla in the first chapter</p></div></header><p>blah with <code class="filename">filename</code>.</p></article><article id="chap2" class="chapter"><header class="chapter-titlepage"><h2>Chapter 2. My Product<em><sup>plus</sup></em> description</h2></header><p>blah.</p></article></article><script src="../../resources/js/prism.js"></script></body></html>