<html xmlns="http://www.w3.org/1999/xhtml"><head><meta http-equiv="Content-Type" content="text/html; charset=UTF-8" /><title>Unit Test: co.001</title><meta charset="utf-8" /><meta name="generator" content="DocBook XSL 2.0 Stylesheets V2.0.17" /><link rel="stylesheet" type="text/css" href="../../resources/css/default.css" /><script type="text/javascript" src="../../resources/js/dbmodnizr.js"></script><link href="../../resources/css/prism.css" rel="stylesheet" type="text/css" /><link href="../../resources/css/db-prism.css" rel="stylesheet" type="text/css" /></head><body><article id="R.1" class="article"><header class="article-titlepage"><h2>Unit Test: co.001</h2><div class="author"><h3><span class="personname"><span class="firstname">John</span> <span class="surname">Himpel</span></span></h3></div></header><p>Callouts inside <code class="tag-element">userinput</code> elements.</p><pre class="screen language-none"><code><code class="prompt">$</code><strong class="userinput"><code>cp a b<a href="#cp" class="co" id="cp-co"><span data-number="1" class="callout-bug callout-bug-unicode">❶</span></a></code></strong>
<code class="prompt">$</code><strong class="userinput"><code>mv a b<a href="#mv" class="co" id="mv-co"><span data-number="2" class="callout-bug callout-bug-unicode">❷</span></a></code></strong></code></pre><div class="calloutlist"><dl><dt id="cp" class="callout"><a href="#cp-co" class="callout-link"><span data-number="1" class="callout-bug callout-bug-unicode">❶</span></a> </dt><dd><p>This is a copy.</p></dd><dt id="mv" class="callout"><a href="#mv-co" class="callout-link"><span data-number="2" class="callout-bug callout-bug-unicode">❷</span></a> </dt><dd><p>This is a move.</p></dd></dl></div></article><script src="../../resources/js/prism.js"></script></body></html>