<html xmlns="http://www.w3.org/1999/xhtml"><head><meta http-equiv="Content-Type" content="text/html; charset=UTF-8" /><title>Article wrapper</title><meta charset="utf-8" /><meta name="generator" content="DocBook XSL 2.0 Stylesheets V2.0.17" /><link rel="stylesheet" type="text/css" href="../../resources/css/default.css" /><script type="text/javascript" src="../../resources/js/dbmodnizr.js"></script><link href="../../resources/css/prism.css" rel="stylesheet" type="text/css" /><link href="../../resources/css/db-prism.css" rel="stylesheet" type="text/css" /></head><body><article id="R.1" class="article"><header class="article-titlepage"><h2>Article wrapper</h2></header><figure id="R.1.2" class="equation-wrapper"><div class="equation"><div id="R.1.2.2" class="mediaobject"><img src="../graphics/emc2.png" alt="E=mc^2" /></div></div><div class="title">Equation 1. First Equation</div></figure><p>An informal equation:</p><figure id="R.1.4" class="informalequation-wrapper"><div class="informalequation"><div id="R.1.4.1" class="mediaobject"><img src="../graphics/emc2.png" alt="E=mc^2" /></div></div></figure><p>And an inline one: <span class="inlineequation"><span class="mathphrase">E=mc<sup>2</sup></span></span>.
</p></article><script src="../../resources/js/prism.js"></script></body></html>