<html xmlns="http://www.w3.org/1999/xhtml"><head><meta http-equiv="Content-Type" content="text/html; charset=UTF-8" /><title>Article wrapper</title><meta charset="utf-8" /><meta name="generator" content="DocBook XSL 2.0 Stylesheets V2.0.17" /><link rel="stylesheet" type="text/css" href="../../resources/css/default.css" /><script type="text/javascript" src="../../resources/js/dbmodnizr.js"></script><link href="../../resources/css/prism.css" rel="stylesheet" type="text/css" /><link href="../../resources/css/db-prism.css" rel="stylesheet" type="text/css" /></head><body><article id="R.1" class="article"><header class="article-titlepage"><h2>Article wrapper</h2></header><figure id="figduck" class="figure-wrapper"><div class="figure"><div id="figduck.2" class="mediaobject centerimg"><div class="longdesc-link">[<a class="dialog-link" href="#longdesc-d10935e32" title="long description link">D</a>]</div><img src="../graphics/duck.png" align="middle" alt="The DocBook: TDG Duck" longdesc="ld-figduck.2.html" /></div></div><div class="title">Figure 1. The Duck</div></figure><div class="longdesc-list"><div id="longdesc-d10935e32" class="dialog longdesc-hide"><p>A woodcut from the Dover Archives, this wood
duck is used as the “animal” for <em class="citetitle">DocBook: The Definitive
Guide</em>.</p></div></div></article><script type="text/javascript" src="http://code.jquery.com/jquery-1.6.4.min.js"></script><script type="text/javascript" src="http://ajax.googleapis.com/ajax/libs/jqueryui/1.11.4/jquery-ui.min.js"></script><script type="text/javascript" src="../../resources/js/annotation.js"></script><script src="../../resources/js/prism.js"></script></body></html>