<html xmlns="http://www.w3.org/1999/xhtml"><head><meta http-equiv="Content-Type" content="text/html; charset=UTF-8" /><title>Article wrapper</title><meta charset="utf-8" /><meta name="generator" content="DocBook XSL 2.0 Stylesheets V2.0.17" /><link rel="stylesheet" type="text/css" href="../../resources/css/default.css" /><script type="text/javascript" src="../../resources/js/dbmodnizr.js"></script><link href="../../resources/css/prism.css" rel="stylesheet" type="text/css" /><link href="../../resources/css/db-prism.css" rel="stylesheet" type="text/css" /></head><body><article id="R.1" class="article"><header class="article-titlepage"><h2>Article wrapper</h2></header><div class="lists-of-titles"><div class="toc"><p><b>Table of Contents</b></p><ul class="toc"><li><span><a href="#R.1.2">1. "Default" rendering</a></span></li><li><span><a href="#R.1.3">2. ANSI Rendering</a></span></li><li><span><a href="#R.1.4">3. K&amp;R Rendering</a></span></li></ul></div></div><section id="R.1.2" class="section"><div class="section-titlepage"><h2>1. "Default" rendering</h2></div><p>A funcsynopsis.</p><div class="funcsynopsis"><pre class="funcsynopsisinfo">
#include &lt;varargs.h&gt;
</pre><p><code class="funcdef">float <b class="fsfunc">rand</b>(</code><code>)</code>;</p><p><code class="funcdef">int <b class="fsfunc">max</b>(</code>...<code>)</code>;</p><p><code class="funcdef">int <b class="fsfunc">idiv</b>(</code><var class="pdparam">n</var>, <var class="pdparam">m</var><code>)</code>;<br />int <var class="pdparam">n</var>;<br />int <var class="pdparam">m</var>;</p></div><p>Another.</p><div class="funcsynopsis"><table border="0" summary="Function synopsis" cellspacing="0" cellpadding="0" style="padding-bottom: 1em" class="funcprototype"><tr><td><code class="funcdef">void <b class="fsfunc">qsort</b>(</code></td><td><var class="pdparam">dataptr</var>, </td><td> </td></tr><tr><td> </td><td><var class="pdparam">left</var>, </td><td> </td></tr><tr><td> </td><td><var class="pdparam">right</var>, </td><td> </td></tr><tr><td> </td><td><var class="pdparam">comp</var><code>)</code>;</td><td> </td></tr></table><table border="0" summary="Function argument synopsis" cellspacing="0" cellpadding="0" class="funcprototype"><tr><td>void * </td><td><var class="pdparam">dataptr</var>[];</td></tr><tr><td>int  </td><td><var class="pdparam">left</var>;</td></tr><tr><td>int  </td><td><var class="pdparam">right</var>;</td></tr><tr><td colspan="2">int (*<var class="pdparam">comp</var>)
      <code>(</code>void *, void *<code>)</code>;</td></tr></table></div><p>Another.</p><div class="funcsynopsis"><table border="0" summary="Function synopsis" cellspacing="0" cellpadding="0" style="padding-bottom: 1em" class="funcprototype"><tr><td><code class="funcdef">int <b class="fsfunc">foo_frob_something</b>(</code></td><td><var class="pdparam">foo_frob_parm1</var>, </td><td> </td></tr><tr><td> </td><td><var class="pdparam">foo_frob_parm2</var>, </td><td> </td></tr><tr><td> </td><td><var class="pdparam">foo_frob_parm3</var>, </td><td> </td></tr><tr><td> </td><td><var class="pdparam">parm4</var>, </td><td> </td></tr><tr><td> </td><td><var class="pdparam">foo_frob_parm5</var><code>)</code>;</td><td> </td></tr></table><table border="0" summary="Function argument synopsis" cellspacing="0" cellpadding="0" class="funcprototype"><tr><td>foo_sometype1  </td><td><var class="pdparam">foo_frob_parm1</var>;</td></tr><tr><td>foo_sometype1  </td><td><var class="pdparam">foo_frob_parm2</var>;</td></tr><tr><td>foo_sometype1  </td><td><var class="pdparam">foo_frob_parm3</var>;</td></tr><tr><td>int </td><td> (* <var class="pdparam">parm4</var> )
      <code>(</code>int a, int b, int c<code>)</code>;
    </td></tr><tr><td>foo_sometype1  </td><td><var class="pdparam">foo_frob_parm5</var>;</td></tr></table><table border="0" summary="Function synopsis" cellspacing="0" cellpadding="0" style="padding-bottom: 1em" class="funcprototype"><tr><td><code class="funcdef">int <b class="fsfunc">foo_frob_something</b>(</code></td><td><var class="pdparam">foo_frob_parm1</var>, </td><td> </td></tr><tr><td> </td><td><var class="pdparam">foo_frob_parm2</var>, </td><td> </td></tr><tr><td> </td><td><var class="pdparam">foo_frob_parm3</var>, </td><td> </td></tr><tr><td> </td><td><var class="pdparam">parm4</var>, </td><td> </td></tr><tr><td> </td><td><var class="pdparam">foo_frob_parm5</var><code>)</code>;</td><td> </td></tr></table><table border="0" summary="Function argument synopsis" cellspacing="0" cellpadding="0" class="funcprototype"><tr><td>foo_sometype1  </td><td><var class="pdparam">foo_frob_parm1</var>;</td></tr><tr><td>foo_sometype1  </td><td><var class="pdparam">foo_frob_parm2</var>;</td></tr><tr><td>foo_sometype1  </td><td><var class="pdparam">foo_frob_parm3</var>;</td></tr><tr><td>int </td><td> (* <var class="pdparam">parm4</var> )
      <code>(</code>int a, int b, int c<code>)</code>;
    </td></tr><tr><td>foo_sometype1  </td><td><var class="pdparam">foo_frob_parm5</var>;</td></tr></table></div></section><section id="R.1.3" class="section"><div class="section-titlepage"><h2>2. ANSI Rendering</h2></div><p>Another.</p><div class="funcsynopsis"><pre class="funcsynopsisinfo">
#include &lt;varargs.h&gt;
</pre><p><code class="funcdef">float <b class="fsfunc">rand</b>(</code><code>void)</code>;</p><p><code class="funcdef">int <b class="fsfunc">max</b>(</code>...<code>)</code>;</p><p><code class="funcdef">int <b class="fsfunc">idiv</b>(</code>int <var class="pdparam">n</var>, int <var class="pdparam">m</var><code>)</code>;</p></div><p>Another.</p><div class="funcsynopsis"><table border="0" summary="Function synopsis" cellspacing="0" cellpadding="0" class="funcprototype"><tr><td><code class="funcdef">void <b class="fsfunc">qsort</b>(</code></td><td>void * </td><td><var class="pdparam">dataptr</var>[], </td></tr><tr><td> </td><td>int  </td><td><var class="pdparam">left</var>, </td></tr><tr><td> </td><td>int  </td><td><var class="pdparam">right</var>, </td></tr><tr><td> </td><td>int </td><td> (*<var class="pdparam">comp</var>)
      <code>(</code>void *, void *<code>)</code>;</td></tr></table></div><p>Another.</p><div class="funcsynopsis"><table border="0" summary="Function synopsis" cellspacing="0" cellpadding="0" class="funcprototype"><tr><td><code class="funcdef">int <b class="fsfunc">foo_frob_something</b>(</code></td><td>foo_sometype1  </td><td><var class="pdparam">foo_frob_parm1</var>, </td></tr><tr><td> </td><td>foo_sometype1  </td><td><var class="pdparam">foo_frob_parm2</var>, </td></tr><tr><td> </td><td>foo_sometype1  </td><td><var class="pdparam">foo_frob_parm3</var>, </td></tr><tr><td> </td><td>int (*  </td><td><var class="pdparam">parm4</var> )
      <code>(</code>int a, int b, int c<code>)</code>, </td></tr><tr><td> </td><td>foo_sometype1  </td><td><var class="pdparam">foo_frob_parm5</var><code>)</code>;</td></tr></table></div></section><section id="R.1.4" class="section"><div class="section-titlepage"><h2>3. K&amp;R Rendering</h2></div><p>Another.</p><div class="funcsynopsis"><pre class="funcsynopsisinfo">
#include &lt;varargs.h&gt;
</pre><p><code class="funcdef">float <b class="fsfunc">rand</b>(</code><code>)</code>;</p><p><code class="funcdef">int <b class="fsfunc">max</b>(</code>...<code>)</code>;</p><p><code class="funcdef">int <b class="fsfunc">idiv</b>(</code><var class="pdparam">n</var>, <var class="pdparam">m</var><code>)</code>;<br />int <var class="pdparam">n</var>;<br />int <var class="pdparam">m</var>;</p></div><p>Another.</p><div class="funcsynopsis"><table border="0" summary="Function synopsis" cellspacing="0" cellpadding="0" style="padding-bottom: 1em" class="funcprototype"><tr><td><code class="funcdef">void <b class="fsfunc">qsort</b>(</code></td><td><var class="pdparam">dataptr</var>, </td><td> </td></tr><tr><td> </td><td><var class="pdparam">left</var>, </td><td> </td></tr><tr><td> </td><td><var class="pdparam">right</var>, </td><td> </td></tr><tr><td> </td><td><var class="pdparam">comp</var><code>)</code>;</td><td> </td></tr></table><table border="0" summary="Function argument synopsis" cellspacing="0" cellpadding="0" class="funcprototype"><tr><td>void * </td><td><var class="pdparam">dataptr</var>[];</td></tr><tr><td>int  </td><td><var class="pdparam">left</var>;</td></tr><tr><td>int  </td><td><var class="pdparam">right</var>;</td></tr><tr><td>int </td><td> (*<var class="pdparam">comp</var>)
      <code>(</code>void *, void *<code>)</code>;</td></tr></table></div><p>Another.</p><div class="funcsynopsis"><table border="0" summary="Function synopsis" cellspacing="0" cellpadding="0" style="padding-bottom: 1em" class="funcprototype"><tr><td><code class="funcdef">int <b class="fsfunc">foo_frob_something</b>(</code></td><td><var class="pdparam">foo_frob_parm1</var>, </td><td> </td></tr><tr><td> </td><td><var class="pdparam">foo_frob_parm2</var>, </td><td> </td></tr><tr><td> </td><td><var class="pdparam">foo_frob_parm3</var>, </td><td> </td></tr><tr><td> </td><td><var class="pdparam">parm4</var>, </td><td> </td></tr><tr><td> </td><td><var class="pdparam">foo_frob_parm5</var><code>)</code>;</td><td> </td></tr></table><table border="0" summary="Function argument synopsis" cellspacing="0" cellpadding="0" class="funcprototype"><tr><td>foo_sometype1  </td><td><var class="pdparam">foo_frob_parm1</var>;</td></tr><tr><td>foo_sometype1  </td><td><var class="pdparam">foo_frob_parm2</var>;</td></tr><tr><td>foo_sometype1  </td><td><var class="pdparam">foo_frob_parm3</var>;</td></tr><tr><td colspan="2">int (* <var class="pdparam">parm4</var> )
      <code>(</code>int a, int b, int c<code>)</code>;</td></tr><tr><td>foo_sometype1  </td><td><var class="pdparam">foo_frob_parm5</var>;</td></tr></table></div></section></article><script src="../../resources/js/prism.js"></script></body></html>