<html xmlns="http://www.w3.org/1999/xhtml"><head><meta http-equiv="Content-Type" content="text/html; charset=UTF-8" /><title>Unit Test: informaltable.016</title><meta charset="utf-8" /><meta name="generator" content="DocBook XSL 2.0 Stylesheets V2.0.17" /><link rel="stylesheet" type="text/css" href="../../resources/css/default.css" /><script type="text/javascript" src="../../resources/js/dbmodnizr.js"></script><link href="../../resources/css/prism.css" rel="stylesheet" type="text/css" /><link href="../../resources/css/db-prism.css" rel="stylesheet" type="text/css" /></head><body><article id="R.1" class="article"><header class="article-titlepage"><h2>Unit Test: informaltable.016</h2><div class="author"><h3><span class="personname"><span class="firstname">Adam</span> <span class="surname">Di Carlo</span></span></h3></div></header><pre class="screen language-none line-numbers"><code>+........+........+........+........+
|   A    |   B    |   C    |   D    |
+........+........+........+........+
|   E    |                         F|
+........+........+........+........+</code></pre><p>Spanspec test.  Cell "F" should be right aligned and spanning
the last 3 columns.</p><figure id="informaltable" class="informaltable-wrapper"><div class="informaltable"><table border="0" style="border-collapse: collapse;border-top: 1px solid ; border-bottom: 1px solid ; border-left: 1px solid ; border-right: 1px solid ; "><colgroup><col class="tcol1" align="center" width="25%" /><col class="tcol2" align="center" width="25%" /><col class="tcol3" align="center" width="25%" /><col class="tcol4" align="center" width="25%" /></colgroup><tbody><tr><td style="border-right: 1px solid ; border-bottom: 1px solid ; " align="center">A</td><td style="border-right: 1px solid ; border-bottom: 1px solid ; " align="center">B</td><td style="border-right: 1px solid ; border-bottom: 1px solid ; " align="center">C</td><td style="border-bottom: 1px solid ; " align="center">D</td></tr><tr><td style="border-right: 1px solid ; " align="center">E</td><td style="border-right: 1px solid ; " colspan="3" align="right">F</td></tr></tbody></table></div></figure></article><script src="../../resources/js/prism.js"></script></body></html>