<html xmlns="http://www.w3.org/1999/xhtml"><head><meta http-equiv="Content-Type" content="text/html; charset=UTF-8" /><title>Unit Test: itemizedlist.006</title><meta charset="utf-8" /><meta name="generator" content="DocBook XSL 2.0 Stylesheets V2.0.17" /><link rel="stylesheet" type="text/css" href="../../resources/css/default.css" /><script type="text/javascript" src="../../resources/js/dbmodnizr.js"></script><link href="../../resources/css/prism.css" rel="stylesheet" type="text/css" /><link href="../../resources/css/db-prism.css" rel="stylesheet" type="text/css" /></head><body><article id="R.1" class="article"><header class="article-titlepage"><h2>Unit Test: itemizedlist.006</h2><div class="author"><h3><span class="personname"><span class="firstname">Adam</span> <span class="surname">Di Carlo</span></span></h3></div></header><p>Itemized list mark styles.</p><div class="itemizedlist"><div class="title">Bullet marks</div><ul><li style="list-style-type: disc"><p>One</p></li><li style="list-style-type: disc"><p>Type</p></li></ul></div><div class="itemizedlist"><div class="title">Box marks</div><ul><li style="list-style-type: square"><p>One</p></li><li style="list-style-type: square"><p>Type</p></li></ul></div><p>
    Are there more?  Check CSS spec.  DSSSL styling requires CSS for
    this; is there a way to do it w/o CSS?
  </p></article><script src="../../resources/js/prism.js"></script></body></html>