<html xmlns="http://www.w3.org/1999/xhtml"><head><meta http-equiv="Content-Type" content="text/html; charset=UTF-8" /><title>Unit Test: legalnotice.001</title><meta charset="utf-8" /><meta name="generator" content="DocBook XSL 2.0 Stylesheets V2.0.17" /><link rel="stylesheet" type="text/css" href="../../resources/css/default.css" /><script type="text/javascript" src="../../resources/js/dbmodnizr.js"></script><link href="../../resources/css/prism.css" rel="stylesheet" type="text/css" /><link href="../../resources/css/db-prism.css" rel="stylesheet" type="text/css" /></head><body><article id="legalnotice.001" class="book"><header class="book-titlepage"><h1>Unit Test: legalnotice.001</h1><div class="author"><h3><span class="personname"><span class="firstname">Adam</span> <span class="surname">Di Carlo</span></span></h3></div><p class="CVS">$Id: legalnotice.001.xml 4056 2004-11-23 13:28:50Z nwalsh $</p><div class="legalnotice"><p>
        A copy of the GNU GPL is available as
        <code class="filename">/usr/share/common-licenses/GPL</code> on a
        Debian system.  A copy of the GNU General Public License is
        available.  It is available. It is available. It is
        available. It is available. It is available. It is
        available. It is available. It is available. It is available.
      </p><p>
        We're testing how <code class="tag-element">productname</code> looks inside of <code class="tag-element">legalnotice</code>.
      </p></div></header><div class="lists-of-titles"><div class="toc"><p><b>Table of Contents</b></p><ul class="toc"><li><span><a href="#legalnotice.001.2">1. First Chapter</a></span></li></ul></div></div><article id="legalnotice.001.2" class="chapter"><header class="chapter-titlepage"><h2>Chapter 1. First Chapter</h2></header><p>Some content.</p></article></article><script src="../../resources/js/prism.js"></script></body></html>