<html xmlns="http://www.w3.org/1999/xhtml"><head><meta http-equiv="Content-Type" content="text/html; charset=UTF-8" /><title>Article wrapper</title><meta charset="utf-8" /><meta name="generator" content="DocBook XSL 2.0 Stylesheets V2.0.17" /><link rel="stylesheet" type="text/css" href="../../resources/css/default.css" /><script type="text/javascript" src="../../resources/js/dbmodnizr.js"></script><link href="../../resources/css/prism.css" rel="stylesheet" type="text/css" /><link href="../../resources/css/db-prism.css" rel="stylesheet" type="text/css" /></head><body><article id="R.1" class="article"><header class="article-titlepage"><h2>Article wrapper</h2></header><div class="lists-of-titles"><div class="toc"><p><b>Table of Contents</b></p><ul class="toc"><li><span><a href="#section">1. Section Title</a></span></li><li><span><a href="#section2">2. Long Section Title</a></span></li></ul></div></div><section id="section" class="section"><div class="section-titlepage"><h2>1. Section Title</h2></div><p>A <a href="#section">self-referential link</a>.</p><p>A link without content: <a href="#section2" title="A Very Long Section Title That I Don't Want To Use For My XRef">Section 2, “Long Section Title”</a>.</p><p>A link without content, but with an xreflabel:
<a href="#section2" title="A Very Long Section Title That I Don't Want To Use For My XRef">Section 2, “Long Section Title”</a>.</p><p>A link with content and an xreflabel:
<a href="#section2">here</a>.</p></section><section id="section2" class="section"><div class="section-titlepage"><h2>2. A Very Long Section Title That I Don't Want To Use For My XRef</h2></div><p>Some text with a <a href="#section">link back</a> to the
first section.</p></section></article><script src="../../resources/js/prism.js"></script></body></html>