<html xmlns="http://www.w3.org/1999/xhtml"><head><meta http-equiv="Content-Type" content="text/html; charset=UTF-8" /><title>Article wrapper</title><meta charset="utf-8" /><meta name="generator" content="DocBook XSL 2.0 Stylesheets V2.0.17" /><link rel="stylesheet" type="text/css" href="../../resources/css/default.css" /><script type="text/javascript" src="../../resources/js/dbmodnizr.js"></script><link href="../../resources/css/prism.css" rel="stylesheet" type="text/css" /><link href="../../resources/css/db-prism.css" rel="stylesheet" type="text/css" /></head><body><article id="R.1" class="article"><header class="article-titlepage"><h2>Article wrapper</h2></header><p>Note that line numbers (if present) don't look correct unless CSS
is successfully loaded (which it isn't from file: URIs).</p><pre class="literallayout language-none line-numbers"><code>LiteralLayout: This is a test
  Only a test.
Had this been a real emegency,
  We would have fled in terror
And you would not have been informed.</code></pre></article><script src="../../resources/js/prism.js"></script></body></html>