<html xmlns="http://www.w3.org/1999/xhtml"><head><meta http-equiv="Content-Type" content="text/html; charset=UTF-8" /><title>Article wrapper</title><meta charset="utf-8" /><meta name="generator" content="DocBook XSL 2.0 Stylesheets V2.0.17" /><link rel="stylesheet" type="text/css" href="../../resources/css/default.css" /><script type="text/javascript" src="../../resources/js/dbmodnizr.js"></script><link href="../../resources/css/prism.css" rel="stylesheet" type="text/css" /><link href="../../resources/css/db-prism.css" rel="stylesheet" type="text/css" /></head><body><article id="R.1" class="article"><header class="article-titlepage"><h2>Article wrapper</h2></header><div id="R.1.2" class="mediaobject"><div class="longdesc-link">[<a class="dialog-link" href="#longdesc-d24793e42" title="long description link">D</a>]</div><table border="0" summary="Manufactured viewport for HTML image" cellspacing="0" cellpadding="0" width="540"><tr><td align="right"><img src="../graphics/duck-small.png" align="right" width="540" alt="The DocBook: TDG Duck" longdesc="ld-R.1.2.html" /></td></tr></table><div class="caption"><p>The Duck</p></div></div><div class="longdesc-list"><div id="longdesc-d24793e42" class="dialog longdesc-hide"><p>The bird on the cover of <em class="citetitle">DocBook: The Definitive
Guide</em> is a wood duck.  Often considered one of the most
beautiful ducks in North America, the mail wood duck has a metallic
purple and green head with white streaks extending from its bill
around the eyes and down to its blue and green, gold-flecked
wings. It has a white neck, chestnut-colored chest, a white or red
bill, and yellow-orange legs and feet. Females have more brown, gray,
and subdueed hues.
</p><p>Edie Freedman designed the cover of this book, using a
19th-century engraving from the Dover Pictorial Archive. The
cover layout was produced by Kathleen Wilson using QuarkXPress
3.32 and Adobe's ITC Garamond font. The inside layout was
designed by Alicia Cech, based on a series design by Nancy
Priest. The text was formatted from SGML into FrameMaker 5.5
with Jade, using a DSSSL conversion stylesheet written by
Chris Maden. The interior fonts are ITC Garamond Light,
Garamond Book, and ConstantWillison.
</p></div></div></article><script type="text/javascript" src="http://code.jquery.com/jquery-1.6.4.min.js"></script><script type="text/javascript" src="http://ajax.googleapis.com/ajax/libs/jqueryui/1.11.4/jquery-ui.min.js"></script><script type="text/javascript" src="../../resources/js/annotation.js"></script><script src="../../resources/js/prism.js"></script></body></html>