<html xmlns="http://www.w3.org/1999/xhtml"><head><meta http-equiv="Content-Type" content="text/html; charset=UTF-8" /><title>Article wrapper</title><meta charset="utf-8" /><meta name="generator" content="DocBook XSL 2.0 Stylesheets V2.0.17" /><link rel="stylesheet" type="text/css" href="../../resources/css/default.css" /><script type="text/javascript" src="../../resources/js/dbmodnizr.js"></script><link href="../../resources/css/prism.css" rel="stylesheet" type="text/css" /><link href="../../resources/css/db-prism.css" rel="stylesheet" type="text/css" /></head><body><article id="R.1" class="article"><header class="article-titlepage"><h2>Article wrapper</h2></header><p>Here's a <code class="tag-element">methodsynopsis</code> in a <code class="tag-element">classsynopsis</code>:
</p><pre class="classsynopsis">class <span class="ooclass"><span class="classname">Foo</span></span> {<br /><code class="methodsynopsis">  <span class="modifier">public </span><span class="modifier">static </span><span class="type">double </span><span class="methodname">getQuote</span>(<span class="methodparam"><span class="type">String </span><span class="parameter">symbol</span></span>,<br />                                <span class="methodparam"><span class="type">double </span><span class="parameter">price</span></span>);</code><br />}</pre><p>Here's a <code class="tag-element">methodsynopsis</code>
<em>outside</em> a <code class="tag-element">classsynopsis</code>:
</p><code class="methodsynopsis"><span class="modifier">public </span><span class="modifier">static </span><span class="type">double </span><span class="methodname">getQuote</span>(<span class="methodparam"><span class="type">String </span><span class="parameter">symbol</span></span>,<br />                              <span class="methodparam"><span class="type">double </span><span class="parameter">price</span></span>);</code></article><script src="../../resources/js/prism.js"></script></body></html>