<html xmlns="http://www.w3.org/1999/xhtml"><head><meta http-equiv="Content-Type" content="text/html; charset=UTF-8" /><title>Article wrapper</title><meta charset="utf-8" /><meta name="generator" content="DocBook XSL 2.0 Stylesheets V2.0.17" /><link rel="stylesheet" type="text/css" href="../../resources/css/default.css" /><script type="text/javascript" src="../../resources/js/dbmodnizr.js"></script><link href="../../resources/css/prism.css" rel="stylesheet" type="text/css" /><link href="../../resources/css/db-prism.css" rel="stylesheet" type="text/css" /></head><body><article id="R.1" class="article"><header class="article-titlepage"><h2>Article wrapper</h2></header><p>Test list continuation. And cross-references;
item “2”: <a href="#i2">2</a> and item “4”: <a href="#i4">D</a>.</p><div class="orderedlist"><ol style="list-style: decimal;"><li>First item</li><li id="i2">Second item</li><li>Third item</li></ol></div><p>And then a break occurs...a break in my sanity, apparently,
because changing the numeration style across a “continues” break seems
really stupid. But this a unit test, after all. Stupid is
allowed.</p><div class="orderedlist"><ol start="4" style="list-style: upper-alpha;"><li id="i4">Fourth item</li><li>Fifth item</li><li>Sixth item</li></ol></div></article><script src="../../resources/js/prism.js"></script></body></html>