<html xmlns="http://www.w3.org/1999/xhtml"><head><meta http-equiv="Content-Type" content="text/html; charset=UTF-8" /><title>Article wrapper</title><meta charset="utf-8" /><meta name="generator" content="DocBook XSL 2.0 Stylesheets V2.0.17" /><link rel="stylesheet" type="text/css" href="../../resources/css/default.css" /><script type="text/javascript" src="../../resources/js/dbmodnizr.js"></script><link href="../../resources/css/prism.css" rel="stylesheet" type="text/css" /><link href="../../resources/css/db-prism.css" rel="stylesheet" type="text/css" /></head><body><article id="R.1" class="article"><header class="article-titlepage"><h2>Article wrapper</h2></header><div class="qandaset"><h2>QandA Title</h2><p>Some introductory preamble. Some introductory preamble.
Some introductory preamble. Some introductory preamble.
Some introductory preamble. Some introductory preamble.
Some introductory preamble. Some introductory preamble.</p><p>Some introductory preamble. Some introductory preamble.
Some introductory preamble. Some introductory preamble.
Some introductory preamble. Some introductory preamble.
Some introductory preamble. Some introductory preamble.</p><div class="qandadiv"><h3>Division 1</h3><table class="qandaentries" border="0" summary="Q&amp;A Set"><tr id="R.1.2.4.2" class="qandaentry"><td align="left" valign="top" id="R.1.2.4.2.1" class="question-label">1.1.</td><td align="left" valign="top" class="question"><p>Blah blah blah.</p></td></tr><tr id="R.1.2.4.2" class="qandaentry"><td align="left" valign="top" id="R.1.2.4.2.2" class="answer-label"></td><td align="left" valign="top" class="answer"><figure id="R.1.2.4.2.2.1" class="example-wrapper"><div class="title">Example 1. <code class="filename">file.name</code></div><div class="example"><pre class="programlisting language-none"><code>// Hello, World</code></pre></div></figure><figure id="R.1.2.4.2.2.2" class="example-wrapper"><div class="title">Example 2. <code class="filename">file2.name</code></div><div class="example"><pre class="programlisting language-none"><code>// Goodbye, World</code></pre></div></figure></td></tr></table></div><div class="qandadiv"><h3>Division 2</h3><p>Some introductory preamble. Some introductory preamble.
Some introductory preamble. Some introductory preamble.
Some introductory preamble. Some introductory preamble.
Some introductory preamble. Some introductory preamble.</p><p>Some introductory preamble. Some introductory preamble.
Some introductory preamble. Some introductory preamble.
Some introductory preamble. Some introductory preamble.
Some introductory preamble. Some introductory preamble.</p><div class="qandadiv"><h3>Division 2.1</h3><table class="qandaentries" border="0" summary="Q&amp;A Set"><tr id="R.1.2.5.4.2" class="qandaentry"><td align="left" valign="top" id="R.1.2.5.4.2.1" class="question-label">2.1.1.</td><td align="left" valign="top" class="question"><p>Blah blah blah.</p></td></tr><tr id="R.1.2.5.4.2" class="qandaentry"><td align="left" valign="top" id="R.1.2.5.4.2.2" class="answer-label"></td><td align="left" valign="top" class="answer"><figure id="R.1.2.5.4.2.2.1" class="example-wrapper"><div class="title">Example 3. <code class="filename">file.name</code></div><div class="example"><pre class="programlisting language-none"><code>// Hello, World</code></pre></div></figure><figure id="R.1.2.5.4.2.2.2" class="example-wrapper"><div class="title">Example 4. <code class="filename">file2.name</code></div><div class="example"><pre class="programlisting language-none"><code>// Goodbye, World</code></pre></div></figure></td></tr></table></div><div class="qandadiv"><h3>Division 2.2</h3><table class="qandaentries" border="0" summary="Q&amp;A Set"><tr id="R.1.2.5.5.2" class="qandaentry"><td align="left" valign="top" id="R.1.2.5.5.2.1" class="question-label">2.2.1.</td><td align="left" valign="top" class="question"><p>Blah blah blah.</p></td></tr><tr id="R.1.2.5.5.2" class="qandaentry"><td align="left" valign="top" id="R.1.2.5.5.2.2" class="answer-label"></td><td align="left" valign="top" class="answer"><figure id="R.1.2.5.5.2.2.1" class="example-wrapper"><div class="title">Example 5. <code class="filename">file.name</code></div><div class="example"><pre class="programlisting language-none"><code>// Hello, World</code></pre></div></figure><figure id="R.1.2.5.5.2.2.2" class="example-wrapper"><div class="title">Example 6. <code class="filename">file2.name</code></div><div class="example"><pre class="programlisting language-none"><code>// Goodbye, World</code></pre></div></figure></td></tr></table></div></div></div></article><script src="../../resources/js/prism.js"></script></body></html>