<html xmlns="http://www.w3.org/1999/xhtml"><head><meta http-equiv="Content-Type" content="text/html; charset=UTF-8" /><title>Unit Test: refentry.002</title><meta charset="utf-8" /><meta name="generator" content="DocBook XSL 2.0 Stylesheets V2.0.17" /><link rel="stylesheet" type="text/css" href="../../resources/css/default.css" /><script type="text/javascript" src="../../resources/js/dbmodnizr.js"></script><link href="../../resources/css/prism.css" rel="stylesheet" type="text/css" /><link href="../../resources/css/db-prism.css" rel="stylesheet" type="text/css" /></head><body><article id="R.1" class="article"><header class="article-titlepage"><h2>Unit Test: refentry.002</h2><div class="authorgroup"><div class="author"><h3><span class="personname"><span class="firstname">Norman</span> <span class="surname">Walsh</span></span></h3></div><div class="editor"><h4 class="editedby">Edited by</h4><h3><span class="personname"><span class="firstname">Michael (tm)</span> <span class="surname">Smith</span></span></h3></div></div><div class="othercredit"><h3><span class="personname"><span class="firstname">Michael (tm)</span> <span class="surname">Smith</span></span></h3></div></header><div class="lists-of-titles"><div class="toc"><p><b>Table of Contents</b></p><ul class="toc"><li><span class="refentrytitle"><a href="#lessminimal">Also Minimal Title</a></span><span class="refpurpose"> - Another test of a minimal RefEntry</span></li></ul></div></div><article id="lessminimal" class="refentry"><div class="refnamediv"><h2>Name</h2><p><span class="refname">Also Minimal</span><span class="refpurpose"><span class="refpurpose-sep"> — </span><span class="refpurpose-text">Another test of a minimal RefEntry</span><span class="refpurpose-punc">.</span></span></p></div><div class="refsection"><div class="refsection-titlepage"><h3>Description</h3></div>

<p>This is a minimal RefEntry.</p>

<div class="refsection"><div class="refsection-titlepage"><h4>Subsection</h4></div>

<p>This is a minimal RefEntry.</p>

<div class="refsection"><div class="refsection-titlepage"><h5>Sub-subsection</h5></div>

<p>This is a minimal RefEntry.</p>

<div class="refsection"><div class="refsection-titlepage"><h6>Refsect4-level subsection</h6></div>
  
  <p>Check the indenting.</p>
  <div class="refsection"><div class="refsection-titlepage"><h6>Refsect5-level subsection</h6></div>
    
    <p>Check the indenting.</p>
  </div>
</div>

</div>
</div>
</div><div class="refsection"><div class="refsection-titlepage"><h3>More Description</h3></div>

<p>This is a not-so minimal RefEntry.</p>
<div class="formalpara"><p><b>Ladjwqopnsfil</b>  This is a formalpara. That is, a paragraph with a title. One
  way to generate output for it is to take the title, “Ladjwqopnsfil”,
  and use it as a “run in” heading that is rendered inline at the
  start of the paragraph, followed by a period (or some other
  punctuation mark).</p></div>
</div><div class="refsection"><div class="refsection-titlepage"><h3>Even More Description</h3></div>

<p>The following two words, “foo” and “bar”, are both empasized,
separately, with a space between them: <em>foo</em>
<em>bar</em>. Here is the same pair of words in bold, with
a space






 between them: <strong class="emphasis">foo</strong> <strong class="emphasis">bar</strong></p>
</div></article></article><script src="../../resources/js/prism.js"></script></body></html>