<html xmlns="http://www.w3.org/1999/xhtml"><head><meta http-equiv="Content-Type" content="text/html; charset=UTF-8" /><title>Also Minimal Title</title><meta charset="utf-8" /><meta name="generator" content="DocBook XSL 2.0 Stylesheets V2.0.17" /><link rel="stylesheet" type="text/css" href="../../resources/css/default.css" /><script type="text/javascript" src="../../resources/js/dbmodnizr.js"></script><link href="../../resources/css/prism.css" rel="stylesheet" type="text/css" /><link href="../../resources/css/db-prism.css" rel="stylesheet" type="text/css" /></head><body><article id="lessminimal" class="refentry"><div class="refnamediv"><h2>Name</h2><p><span class="refname">Also Minimal</span><span class="refpurpose"><span class="refpurpose-sep"> — </span><span class="refpurpose-text">Another test of a minimal RefEntry</span><span class="refpurpose-punc">.</span></span></p></div><div class="refsection"><div class="refsection-titlepage"><h2>Description</h2></div>

<p>This is a minimal RefEntry.</p>

<div class="refsection"><div class="refsection-titlepage"><h3>Subsection</h3></div>

<p>This is a minimal RefEntry.</p>

<div class="refsection"><div class="refsection-titlepage"><h4>Sub-subsection</h4></div>

<p>This is a minimal RefEntry.</p>
</div>
</div>
</div><div class="refsection"><div class="refsection-titlepage"><h2>More Description</h2></div>

<p>This is a not-so minimal RefEntry.</p>
</div><div class="refsection"><div class="refsection-titlepage"><h2>Even More Description</h2></div>

<p>This is an even less minimal RefEntry.</p>
</div></article><script src="../../resources/js/prism.js"></script></body></html>