<html xmlns="http://www.w3.org/1999/xhtml"><head><meta http-equiv="Content-Type" content="text/html; charset=UTF-8" /><title>Article wrapper</title><meta charset="utf-8" /><meta name="generator" content="DocBook XSL 2.0 Stylesheets V2.0.17" /><link rel="stylesheet" type="text/css" href="../../resources/css/default.css" /><script type="text/javascript" src="../../resources/js/dbmodnizr.js"></script><link href="../../resources/css/prism.css" rel="stylesheet" type="text/css" /><link href="../../resources/css/db-prism.css" rel="stylesheet" type="text/css" /></head><body><article id="R.1" class="article"><header class="article-titlepage"><h2>Article wrapper</h2></header><pre class="screen language-none line-numbers"><code>(let <a name="dl1" id="dl1"></a><span data-number="1" class="callout-bug callout-bug-unicode">❶</span>loopvar <a name="dl2" id="dl2"></a><span data-number="2" class="callout-bug callout-bug-unicode">❷</span>((count 1))
  <a name="dl3" id="dl3"></a><span data-number="3" class="callout-bug callout-bug-unicode">❸</span>(if (&gt; count 10)
    <a name="dl4" id="dl4"></a><span data-number="4" class="callout-bug callout-bug-unicode">❹</span>#t
    (<a name="dl5" id="dl5"></a><span data-number="5" class="callout-bug callout-bug-unicode">❺</span>loopvar <a name="dl6" id="dl6"></a><span data-number="6" class="callout-bug callout-bug-unicode">❻</span>(+ count 1))))</code></pre></article><script src="../../resources/js/prism.js"></script></body></html>