<html xmlns="http://www.w3.org/1999/xhtml"><head><meta http-equiv="Content-Type" content="text/html; charset=UTF-8" /><title>Article wrapper</title><meta charset="utf-8" /><meta name="generator" content="DocBook XSL 2.0 Stylesheets V2.0.17" /><link rel="stylesheet" type="text/css" href="../../resources/css/default.css" /><script type="text/javascript" src="../../resources/js/dbmodnizr.js"></script><link href="../../resources/css/prism.css" rel="stylesheet" type="text/css" /><link href="../../resources/css/db-prism.css" rel="stylesheet" type="text/css" /></head><body><article id="R.1" class="article"><header class="article-titlepage"><h2>Article wrapper</h2></header><div class="lists-of-titles"><div class="toc"><p><b>Table of Contents</b></p><ul class="toc"><li><span><a href="#c2s1">1. Section 1</a></span><ul class="toc"><li><span><a href="#c2s1s1">1.1. Section 1.1</a></span></li><li><span><a href="#c2s1s2">1.2. Section 1.2</a></span></li><li><span><a href="#c2s1s3">1.3. Section 1.3</a></span></li></ul></li></ul></div></div><p>See <a href="#c2s1s1s2" title="Section 1.1.2">Section 1.1.2, “Section 1.1.2”</a>.</p><section id="c2s1" class="section"><div class="section-titlepage"><h2>1. Section 1</h2></div><p>blah.</p><section id="c2s1s1" class="section"><div class="section-titlepage"><h3>1.1. Section 1.1</h3></div><p>blah.</p><section id="c2s1s1s1" class="section"><div class="section-titlepage"><h4>1.1.1. Section 1.1.1</h4></div><p>blah.</p><section id="c2s1s1s1s1" class="section"><div class="section-titlepage"><h5>1.1.1.1. Section 1.1.1.1</h5></div><p>blah.</p><section id="c2s1s1s1s1s1" class="section"><div class="section-titlepage"><h6>1.1.1.1.1. Section 1.1.1.1.1</h6></div><p>blah.</p></section><section id="c2s1s1s1s1s2" class="section"><div class="section-titlepage"><h6>1.1.1.1.2. Section 1.1.1.1.2</h6></div><p>blah.</p></section><section id="c2s1s1s1s1s3" class="section"><div class="section-titlepage"><h6>1.1.1.1.3. Section 1.1.1.1.3</h6></div><p>blah.</p></section></section><section id="c2s1s1s1s2" class="section"><div class="section-titlepage"><h5>1.1.1.2. Section 1.1.1.2</h5></div><p>blah.</p></section><section id="c2s1s1s1s3" class="section"><div class="section-titlepage"><h5>1.1.1.3. Section 1.1.1.3</h5></div><p>blah.</p></section></section><section id="c2s1s1s2" class="section"><div class="section-titlepage"><h4>1.1.2. Section 1.1.2</h4></div><p>blah.</p></section><section id="c2s1s1s3" class="section"><div class="section-titlepage"><h4>1.1.3. Section 1.1.3</h4></div><p>blah.</p></section></section><section id="c2s1s2" class="section"><div class="section-titlepage"><h3>1.2. Section 1.2</h3></div><p>blah.</p></section><section id="c2s1s3" class="section"><div class="section-titlepage"><h3>1.3. Section 1.3</h3></div><p>blah.</p></section></section></article><script src="../../resources/js/prism.js"></script></body></html>