<html xmlns="http://www.w3.org/1999/xhtml"><head><meta http-equiv="Content-Type" content="text/html; charset=UTF-8" /><title>Article wrapper</title><meta charset="utf-8" /><meta name="generator" content="DocBook XSL 2.0 Stylesheets V2.0.17" /><link rel="stylesheet" type="text/css" href="../../resources/css/default.css" /><script type="text/javascript" src="../../resources/js/dbmodnizr.js"></script><link href="../../resources/css/prism.css" rel="stylesheet" type="text/css" /><link href="../../resources/css/db-prism.css" rel="stylesheet" type="text/css" /></head><body><article id="R.1" class="article"><header class="article-titlepage"><h2>Article wrapper</h2></header><div class="segmentedlist"><div class="title"><strong>State Capitals</strong></div><div class="seglistitem"><div class="seg"><strong><span class="segtitle">State: </span></strong>Alabama</div><div class="seg"><strong><span class="segtitle">Capital: </span></strong>Montgomery</div></div><div class="seglistitem"><div class="seg"><strong><span class="segtitle">State: </span></strong>Alaska</div><div class="seg"><strong><span class="segtitle">Capital: </span></strong>Anchorage</div></div><div class="seglistitem"><div class="seg"><strong><span class="segtitle">State: </span></strong>Arkansas</div><div class="seg"><strong><span class="segtitle">Capital: </span></strong>Little Rock</div></div></div></article><script src="../../resources/js/prism.js"></script></body></html>