<html xmlns="http://www.w3.org/1999/xhtml"><head><meta http-equiv="Content-Type" content="text/html; charset=UTF-8" /><title>Unit Test: set.001</title><meta charset="utf-8" /><meta name="generator" content="DocBook XSL 2.0 Stylesheets V2.0.17" /><link rel="stylesheet" type="text/css" href="../../resources/css/default.css" /><script type="text/javascript" src="../../resources/js/dbmodnizr.js"></script><link href="../../resources/css/prism.css" rel="stylesheet" type="text/css" /><link href="../../resources/css/db-prism.css" rel="stylesheet" type="text/css" /></head><body><article id="R.1" class="set"><header class="set-titlepage"><h1>Unit Test: set.001</h1><div class="author"><h3><span class="personname"><span class="firstname">Norman</span> <span class="surname">Walsh</span></span></h3></div><p class="CVS">$Id: set.001.xml 4056 2004-11-23 13:28:50Z nwalsh $</p></header><article id="R.1.2" class="book"><header class="book-titlepage"><h1>First Book</h1></header><div class="lists-of-titles"><div class="toc"><p><b>Table of Contents</b></p><ul class="toc"><li><span><a href="#R.1.2.2">1. Chapter</a></span></li></ul></div></div><article id="R.1.2.2" class="chapter"><header class="chapter-titlepage"><h2>Chapter 1. Chapter</h2></header><p>Some test data</p></article></article><article id="R.1.3" class="book"><header class="book-titlepage"><h1>Second Book</h1></header><div class="lists-of-titles"><div class="toc"><p><b>Table of Contents</b></p><ul class="toc"><li><span><a href="#R.1.3.2">1. Chapter</a></span></li></ul></div></div><article id="R.1.3.2" class="chapter"><header class="chapter-titlepage"><h2>Chapter 1. Chapter</h2></header><p>Some test data</p></article></article><article id="R.1.4" class="book"><header class="book-titlepage"><h1>Third Book</h1></header><div class="lists-of-titles"><div class="toc"><p><b>Table of Contents</b></p><ul class="toc"><li><span><a href="#R.1.4.2">1. Chapter</a></span></li></ul></div></div><article id="R.1.4.2" class="chapter"><header class="chapter-titlepage"><h2>Chapter 1. Chapter</h2></header><p>Some test data</p></article></article></article><script src="../../resources/js/prism.js"></script></body></html>