<html xmlns="http://www.w3.org/1999/xhtml"><head><meta http-equiv="Content-Type" content="text/html; charset=UTF-8" /><title>Article wrapper</title><meta charset="utf-8" /><meta name="generator" content="DocBook XSL 2.0 Stylesheets V2.0.17" /><link rel="stylesheet" type="text/css" href="../../resources/css/default.css" /><script type="text/javascript" src="../../resources/js/dbmodnizr.js"></script><link href="../../resources/css/prism.css" rel="stylesheet" type="text/css" /><link href="../../resources/css/db-prism.css" rel="stylesheet" type="text/css" /></head><body><article id="R.1" class="article"><header class="article-titlepage"><h2>Article wrapper</h2></header><p>This is a sidebar test.</p><p>Here is some content. This is content. This is content. This is content.
This is content. This is content. This is content. This is content.
This is content. This is content. This is content. This is content.
This is content. This is content. This is content. This is content.
</p><p>This is content. This is content. This is content.
This is content. This is content. This is content. This is content.
This is content. This is content. This is content. This is content.
This is content. This is content. This is content. This is content.
</p><div class="sidebar"><header class="sidebar-titlepage"><h3>Sidebar</h3></header><div class="sidebar-content"><p>Here is some sidebar content. This is content. This is content. This is content.
This is content. This is content. This is content. This is content.
This is content. This is content. This is content. This is content.
This is content. This is content. This is content. This is content.
</p><p>This is content. This is content. This is content.
This is content. This is content. This is content. This is content.
This is content. This is content. This is content. This is content.
This is content. This is content. This is content. This is content.
</p></div></div><p>Back into the main flow. This is content. This is content. This is content.
This is content. This is content. This is content. This is content.
This is content. This is content. This is content. This is content.
This is content. This is content. This is content. This is content.
</p></article><script src="../../resources/js/prism.js"></script></body></html>