<html xmlns="http://www.w3.org/1999/xhtml"><head><meta http-equiv="Content-Type" content="text/html; charset=UTF-8" /><title>Chapter 1. Chapter wrapper</title><meta charset="utf-8" /><meta name="generator" content="DocBook XSL 2.0 Stylesheets V2.0.17" /><link rel="stylesheet" type="text/css" href="../../resources/css/default.css" /><script type="text/javascript" src="../../resources/js/dbmodnizr.js"></script><link href="../../resources/css/prism.css" rel="stylesheet" type="text/css" /><link href="../../resources/css/db-prism.css" rel="stylesheet" type="text/css" /></head><body><article id="R.1" class="chapter"><header class="chapter-titlepage"><h2>Chapter 1. Chapter wrapper</h2></header><div class="lists-of-titles"><div class="toc"><p><b>Table of Contents</b></p><ul class="toc"><li><span><a href="#R.1.3">1. A Section Title</a></span></li><li><span><a href="#R.1.4">2. Another Section Title</a></span><ul class="toc"><li><span><a href="#R.1.4.3">2.1. A Subsection Title</a></span></li></ul></li></ul></div></div><p>This test case is for simplesect.</p><section id="R.1.3" class="section"><div class="section-titlepage"><h2>1. A Section Title</h2></div><p>Some content <span class="acronym">here</span>.</p><section id="R.1.3.3" class="simplesect"><div class="section-titlepage"><h3>First Simplesect</h3></div><p>Some content</p></section></section><section id="R.1.4" class="section"><div class="section-titlepage"><h2>2. Another Section Title</h2></div><p>Some content</p><section id="R.1.4.3" class="section"><div class="section-titlepage"><h3>2.1. A Subsection Title</h3></div><p>Some content</p><section id="R.1.4.3.3" class="simplesect"><div class="section-titlepage"><h4>Second Simplesect</h4><h5>Subtitle</h5></div><p>Some content</p></section></section></section></article><script src="../../resources/js/prism.js"></script></body></html>