<html xmlns="http://www.w3.org/1999/xhtml"><head><meta http-equiv="Content-Type" content="text/html; charset=UTF-8" /><meta charset="utf-8" /><meta name="localStorage.key" content="slideno" /><title>Example slide title</title><script type="text/javascript" src="../../resources/js/dbmodnizr.js"></script><link href="../../resources/css/prism.css" rel="stylesheet" type="text/css" /><link href="../../resources/css/db-prism.css" rel="stylesheet" type="text/css" /><link rel="stylesheet" type="text/css" href="../../resources/css/default.css" /><link type="text/css" rel="stylesheet" href="http://ajax.googleapis.com/ajax/libs/jqueryui/1.11.4/themes/start/jquery-ui.css" media="screen" /><link type="text/css" rel="stylesheet" href="../../resources/css/slides.css" /><meta name="slides.timer" content="true" /><meta name="slides.countdown" content="90:00" /></head><body><section class="foil titlefoil"><article class="page"><header><div class="header-content"><h1>Example slide title</h1></div></header><div class="body"><div class="shownav"><img src="../../resources/img/slides/prev.gif" alt="[Prev]" /><img src="../../resources/img/slides/next.gif" alt="[Next]" /></div><nav class="clicknav"><img src="../../resources/img/slides/transparent.gif" alt="[Prev]" /><a href="javascript:clicknav('next')"><img src="../../resources/img/slides/transparent.gif" alt="[Next]" /></a></nav><span class="personname"><span class="firstname">Jane</span> <span class="surname">Doe</span></span><br /><span class="orgname">Example Corporation</span><br /><span class="pubdate">14 Sep 2015</span></div></article><footer><div class="content"><span class="copyright">Copyright © <span class="years">2015</span> <span class="holders"><span class="holder">Example Corporation</span></span></span></div></footer></section><section class="foil"><article class="page"><header class="header"><div class="header-content"><h1>Agenda</h1></div></header><div class="body"><nav class="clicknav"><a href="javascript:clicknav('prev')"><img src="../../resources/img/slides/transparent.gif" alt="[Prev]" /></a><a href="javascript:clicknav('next')"><img src="../../resources/img/slides/transparent.gif" alt="[Next]" /></a></nav><ul class="toc"><li><a href="#1">Introduction</a></li><li><a href="#4">Second foil group</a></li><li><a href="#7">Q&amp;A</a></li></ul></div></article><footer><div class="content"><span class="copyright">Copyright © <span class="years">2015</span> <span class="holders"><span class="holder">Example Corporation</span></span></span></div></footer></section><section class="foil titlefoil foilgroup"><article class="page"><header><div class="header-content"><h1>Introduction</h1></div></header><div class="body"><nav class="clicknav"><a href="javascript:clicknav('prev')"><img src="../../resources/img/slides/transparent.gif" alt="[Prev]" /></a><a href="javascript:clicknav('next')"><img src="../../resources/img/slides/transparent.gif" alt="[Next]" /></a></nav></div></article><footer><div class="content"><span class="foilnumber">Slide 1</span>  <span class="copyright">Copyright © <span class="years">2015</span> <span class="holders"><span class="holder">Example Corporation</span></span></span></div></footer></section><section class="foil"><article class="page"><header><div class="header-content"><h1>Learning objectives</h1></div></header><div class="body"><nav class="clicknav"><a href="javascript:clicknav('prev')"><img src="../../resources/img/slides/transparent.gif" alt="[Prev]" /></a><a href="javascript:clicknav('next')"><img src="../../resources/img/slides/transparent.gif" alt="[Next]" /></a></nav><p>Learn stuff.</p><div class="itemizedlist"><ul><li><p>First point</p></li><li><p>Second point</p></li><li><p>Third point</p></li></ul></div></div></article><footer><div class="content"><span class="foilnumber">Slide 2</span>  <span class="copyright">Copyright © <span class="years">2015</span> <span class="holders"><span class="holder">Example Corporation</span></span></span></div></footer></section><section class="foil"><article class="page"><header><div class="header-content"><h1>Something else</h1></div></header><div class="body"><nav class="clicknav"><a href="javascript:clicknav('prev')"><img src="../../resources/img/slides/transparent.gif" alt="[Prev]" /></a><a href="javascript:clicknav('next')"><img src="../../resources/img/slides/transparent.gif" alt="[Next]" /></a></nav><div class="itemizedlist"><ul><li><p>First point</p></li><li><p>Second point</p></li><li><p>Third point</p></li></ul></div></div></article><footer><div class="content"><span class="foilnumber">Slide 3</span>  <span class="copyright">Copyright © <span class="years">2015</span> <span class="holders"><span class="holder">Example Corporation</span></span></span></div></footer></section><section class="foil titlefoil foilgroup"><article class="page"><header><div class="header-content"><h1>Second foil group</h1></div></header><div class="body"><nav class="clicknav"><a href="javascript:clicknav('prev')"><img src="../../resources/img/slides/transparent.gif" alt="[Prev]" /></a><a href="javascript:clicknav('next')"><img src="../../resources/img/slides/transparent.gif" alt="[Next]" /></a></nav></div></article><footer><div class="content"><span class="foilnumber">Slide 4</span>  <span class="copyright">Copyright © <span class="years">2015</span> <span class="holders"><span class="holder">Example Corporation</span></span></span></div></footer></section><section class="foil"><article class="page"><header><div class="header-content"><h1>More stuff</h1></div></header><div class="body"><nav class="clicknav"><a href="javascript:clicknav('prev')"><img src="../../resources/img/slides/transparent.gif" alt="[Prev]" /></a><a href="javascript:clicknav('next')"><img src="../../resources/img/slides/transparent.gif" alt="[Next]" /></a></nav><div class="itemizedlist"><ul><li><p>First point</p></li><li><p>Second point</p></li><li><p>Third point</p></li></ul></div></div></article><footer><div class="content"><span class="foilnumber">Slide 5</span>  <span class="copyright">Copyright © <span class="years">2015</span> <span class="holders"><span class="holder">Example Corporation</span></span></span></div></footer></section><section class="foil"><article class="page"><header><div class="header-content"><h1>Even more stuff</h1></div></header><div class="body"><nav class="clicknav"><a href="javascript:clicknav('prev')"><img src="../../resources/img/slides/transparent.gif" alt="[Prev]" /></a><a href="javascript:clicknav('next')"><img src="../../resources/img/slides/transparent.gif" alt="[Next]" /></a></nav><div class="itemizedlist"><ul><li><p>First point</p></li><li><p>Second point</p></li><li><p>Third point</p></li></ul></div></div></article><footer><div class="content"><span class="foilnumber">Slide 6</span>  <span class="copyright">Copyright © <span class="years">2015</span> <span class="holders"><span class="holder">Example Corporation</span></span></span></div></footer></section><section class="foil titlefoil foilgroup"><article class="page"><header><div class="header-content"><h1>Q&amp;A</h1></div></header><div class="body"><nav class="clicknav"><a href="javascript:clicknav('prev')"><img src="../../resources/img/slides/transparent.gif" alt="[Prev]" /></a><img src="../../resources/img/slides/transparent.gif" alt="[Next]" /></nav><p>The ultimate slide...</p></div></article><footer><div class="content"><span class="foilnumber">Slide 7</span>  <span class="copyright">Copyright © <span class="years">2015</span> <span class="holders"><span class="holder">Example Corporation</span></span></span></div></footer></section><script type="text/javascript" src="http://code.jquery.com/jquery-1.6.4.min.js"></script><script type="text/javascript" src="http://ajax.googleapis.com/ajax/libs/jqueryui/1.11.4/jquery-ui.min.js"></script><script src="../../resources/js/prism.js"></script><script type="text/javascript" language="javascript" src="../../resources/js/jquery-timers-1.2.js"></script><script type="text/javascript" language="javascript" src="../../resources/js/jquery.ba-hashchange.min.js"></script><script type="text/javascript" language="javascript" src="../../resources/js/slides.js"></script></body></html>