<html xmlns="http://www.w3.org/1999/xhtml"><head><meta http-equiv="Content-Type" content="text/html; charset=UTF-8" /><title>Article wrapper</title><meta charset="utf-8" /><meta name="generator" content="DocBook XSL 2.0 Stylesheets V2.0.17" /><link rel="stylesheet" type="text/css" href="../../resources/css/default.css" /><script type="text/javascript" src="../../resources/js/dbmodnizr.js"></script><link href="../../resources/css/prism.css" rel="stylesheet" type="text/css" /><link href="../../resources/css/db-prism.css" rel="stylesheet" type="text/css" /></head><body><article id="R.1" class="article"><header class="article-titlepage"><h2>Article wrapper</h2></header><p>The stamp image has a natural size of 200x128 pixels.</p><div id="R.1.3" class="mediaobject"><img src="../graphics/stamp.png" /></div><p>The stamp image: width=400; depth=512; scalefit=1; align=center; valign=bottom</p><div id="R.1.5" class="mediaobject centerimg"><table border="0" summary="Manufactured viewport for HTML image" cellspacing="0" cellpadding="0" width="400"><tr style="height: 512px"><td style="background-color: green" align="center" valign="bottom"><img src="../graphics/stamp.png" align="middle" width="400" alt="The DocBook Stamp" /></td></tr></table></div></article><script src="../../resources/js/prism.js"></script></body></html>