<html xmlns="http://www.w3.org/1999/xhtml"><head><meta http-equiv="Content-Type" content="text/html; charset=UTF-8" /><title>Article wrapper</title><meta charset="utf-8" /><meta name="generator" content="DocBook XSL 2.0 Stylesheets V2.0.17" /><link rel="stylesheet" type="text/css" href="../../resources/css/default.css" /><script type="text/javascript" src="../../resources/js/dbmodnizr.js"></script><link href="../../resources/css/prism.css" rel="stylesheet" type="text/css" /><link href="../../resources/css/db-prism.css" rel="stylesheet" type="text/css" /></head><body><article id="R.1" class="article"><header class="article-titlepage"><h2>Article wrapper</h2></header><p>This article contains two SVG diagrams.</p><div id="R.1.3" class="mediaobject centerimg"><table border="0" summary="Manufactured viewport for HTML image" cellspacing="0" cellpadding="0" width="600"><tr style="height: 250px"><td align="center"><object data="test/graphics/svg-001.svg" type="image/svg+xml" height="250" alt="Example SVG polygons"></object></td></tr></table><div class="caption"><p>Polygons (with fallback)</p></div></div><div id="R.1.4" class="mediaobject centerimg"><table border="0" summary="Manufactured viewport for HTML image" cellspacing="0" cellpadding="0" width="600"><tr style="height: 250px"><td align="center"><object data="test/graphics/svg-001.svg" type="image/svg+xml" height="250" alt="Example SVG polygons"></object></td></tr></table><div class="caption"><p>Polygons (without fallback)</p></div></div><div id="R.1.5" class="mediaobject"><table border="0" summary="Manufactured viewport for HTML image" cellspacing="0" cellpadding="0" width="600"><tr style="height: 250px"><td><svg xmlns="http://www.w3.org/2000/svg">
  <g transform="scale(0.5)">
    <polygon style="fill:red; stroke:blue; stroke-width:10" points="350, 75 379,161 469,161 397,215                          423,301 350,250 277,301 303,215                          231,161 321,161"></polygon>
    <polygon style="fill:lime; stroke:blue; stroke-width:10" points="850,75  958,137.5 958,262.5                          850,325 742,262.6 742,137.5"></polygon>
  </g>
</svg></td></tr></table><div class="caption"><p>Polygons (inline)</p></div></div></article><script src="../../resources/js/prism.js"></script></body></html>