<html xmlns="http://www.w3.org/1999/xhtml"><head><meta http-equiv="Content-Type" content="text/html; charset=UTF-8" /><title>Article wrapper</title><meta charset="utf-8" /><meta name="generator" content="DocBook XSL 2.0 Stylesheets V2.0.17" /><link rel="stylesheet" type="text/css" href="../../resources/css/default.css" /><script type="text/javascript" src="../../resources/js/dbmodnizr.js"></script><link href="../../resources/css/prism.css" rel="stylesheet" type="text/css" /><link href="../../resources/css/db-prism.css" rel="stylesheet" type="text/css" /></head><body><article id="R.1" class="article"><header class="article-titlepage"><h2>Article wrapper</h2></header><p>All frames:</p><p>CALS:</p><figure id="R.1.4" class="informaltable-wrapper"><div class="informaltable"><table border="0" style="border-collapse: collapse;border-top: 1px solid ; border-bottom: 1px solid ; border-left: 1px solid ; border-right: 1px solid ; "><colgroup><col class="tcol1" width="33%" /><col class="tcol2" width="33%" /><col class="tcol3" width="33%" /></colgroup><tbody><tr><td style="border-right: 1px solid ; border-bottom: 1px solid ; ">a foo</td><td style="border-right: 1px solid ; border-bottom: 1px solid ; ">a bar</td><td style="border-bottom: 1px solid ; ">a baz</td></tr><tr><td style="border-right: 1px solid ; border-bottom: 1px solid ; ">b foo</td><td style="border-right: 1px solid ; border-bottom: 1px solid ; ">b bar</td><td style="border-bottom: 1px solid ; ">b baz</td></tr><tr><td style="border-right: 1px solid ; ">c foo</td><td style="border-right: 1px solid ; ">c foo</td><td>c baz</td></tr></tbody></table></div></figure><p>HTML:</p><figure id="R.1.6" class="informaltable-wrapper"><div class="informaltable"><table border="1"><tbody><tr>
<td>a foo</td>
<td>a bar</td>
<td>a baz</td>
</tr><tr>
<td>b foo</td>
<td>b bar</td>
<td>b baz</td>
</tr><tr>
<td>c foo</td>
<td>c foo</td>
<td>c baz</td>
</tr></tbody></table></div></figure><p>No frames:</p><p>(N.B. In this test and some others, the row and column separators are different.
The CALS default is rowsep=1/colsep=1; HTML has no equivalent default.)</p><p>CALS:</p><figure id="R.1.10" class="informaltable-wrapper"><div class="informaltable"><table border="0" style="border-collapse: collapse;"><colgroup><col class="tcol1" width="33%" /><col class="tcol2" width="33%" /><col class="tcol3" width="33%" /></colgroup><tbody><tr><td style="border-right: 1px solid ; border-bottom: 1px solid ; ">a foo</td><td style="border-right: 1px solid ; border-bottom: 1px solid ; ">a bar</td><td style="border-bottom: 1px solid ; ">a baz</td></tr><tr><td style="border-right: 1px solid ; border-bottom: 1px solid ; ">b foo</td><td style="border-right: 1px solid ; border-bottom: 1px solid ; ">b bar</td><td style="border-bottom: 1px solid ; ">b baz</td></tr><tr><td style="border-right: 1px solid ; ">c foo</td><td style="border-right: 1px solid ; ">c foo</td><td>c baz</td></tr></tbody></table></div></figure><p>HTML:</p><figure id="R.1.12" class="informaltable-wrapper"><div class="informaltable"><table><tbody><tr>
<td>a foo</td>
<td>a bar</td>
<td>a baz</td>
</tr><tr>
<td>b foo</td>
<td>b bar</td>
<td>b baz</td>
</tr><tr>
<td>c foo</td>
<td>c foo</td>
<td>c baz</td>
</tr></tbody></table></div></figure><p>Outer edge:</p><p>CALS:</p><figure id="R.1.15" class="informaltable-wrapper"><div class="informaltable"><table border="0" style="border-collapse: collapse;border-top: 1px solid ; border-bottom: 1px solid ; border-left: 1px solid ; border-right: 1px solid ; "><colgroup><col class="tcol1" width="33%" /><col class="tcol2" width="33%" /><col class="tcol3" width="33%" /></colgroup><tbody><tr><td>a foo</td><td>a bar</td><td>a baz</td></tr><tr><td>b foo</td><td>b bar</td><td>b baz</td></tr><tr><td>c foo</td><td>c foo</td><td>c baz</td></tr></tbody></table></div></figure><p>HTML:</p><figure id="R.1.17" class="informaltable-wrapper"><div class="informaltable"><table style="border: 0.4pt black solid"><tbody><tr>
<td>a foo</td>
<td>a bar</td>
<td>a baz</td>
</tr><tr>
<td>b foo</td>
<td>b bar</td>
<td>b baz</td>
</tr><tr>
<td>c foo</td>
<td>c foo</td>
<td>c baz</td>
</tr></tbody></table></div></figure><p>Rows:</p><p>CALS:</p><figure id="R.1.20" class="informaltable-wrapper"><div class="informaltable"><table border="0" style="border-collapse: collapse;border-top: 1px solid ; border-bottom: 1px solid ; "><colgroup><col class="tcol1" width="33%" /><col class="tcol2" width="33%" /><col class="tcol3" width="33%" /></colgroup><tbody><tr><td style="border-bottom: 1px solid ; ">a foo</td><td style="border-bottom: 1px solid ; ">a bar</td><td style="border-bottom: 1px solid ; ">a baz</td></tr><tr><td style="border-bottom: 1px solid ; ">b foo</td><td style="border-bottom: 1px solid ; ">b bar</td><td style="border-bottom: 1px solid ; ">b baz</td></tr><tr><td>c foo</td><td>c foo</td><td>c baz</td></tr></tbody></table></div></figure><p>HTML:</p><p>(N.B. This case will only succeed if the CSS border-collapse property is set to
collapse. The default CSS stylesheet for DocBook output does this.</p><figure id="R.1.23" class="informaltable-wrapper"><div class="informaltable"><table style="border-top: 0.4pt black solid"><tbody><tr style="border-bottom: 0.4pt black solid">
<td>a foo</td>
<td>a bar</td>
<td>a baz</td>
</tr><tr style="border-bottom: 0.4pt black solid">
<td>b foo</td>
<td>b bar</td>
<td>b baz</td>
</tr><tr style="border-bottom: 0.4pt black solid">
<td>c foo</td>
<td>c foo</td>
<td>c baz</td>
</tr></tbody></table></div></figure><p>Columns:</p><p>CALS:</p><figure id="R.1.26" class="informaltable-wrapper"><div class="informaltable"><table border="0" style="border-collapse: collapse;border-left: 1px solid ; border-right: 1px solid ; "><colgroup><col class="tcol1" width="33%" /><col class="tcol2" width="33%" /><col class="tcol3" width="33%" /></colgroup><tbody><tr><td style="border-right: 1px solid ; ">a foo</td><td style="border-right: 1px solid ; ">a bar</td><td>a baz</td></tr><tr><td style="border-right: 1px solid ; ">b foo</td><td style="border-right: 1px solid ; ">b bar</td><td>b baz</td></tr><tr><td style="border-right: 1px solid ; ">c foo</td><td style="border-right: 1px solid ; ">c foo</td><td>c baz</td></tr></tbody></table></div></figure><p>HTML:</p><figure id="R.1.28" class="informaltable-wrapper"><div class="informaltable"><table style="border-left: 0.4pt black solid;"><col style="border-right: 0.4pt black solid" /><col style="border-right: 0.4pt black solid" /><col style="border-right: 0.4pt black solid" /><tbody><tr>
<td>a foo</td>
<td>a bar</td>
<td>a baz</td>
</tr><tr>
<td>b foo</td>
<td>b bar</td>
<td>b baz</td>
</tr><tr>
<td>c foo</td>
<td>c foo</td>
<td>c baz</td>
</tr></tbody></table></div></figure><p>Tic Tac Toe (colsep, rowsep):</p><p>CALS:</p><figure id="R.1.31" class="informaltable-wrapper"><div class="informaltable"><table border="0" style="border-collapse: collapse;"><colgroup><col class="tcol1" width="33%" /><col class="tcol2" width="33%" /><col class="tcol3" width="33%" /></colgroup><tbody><tr><td style="border-right: 1px solid ; border-bottom: 1px solid ; ">a foo</td><td style="border-right: 1px solid ; border-bottom: 1px solid ; ">a bar</td><td style="border-bottom: 1px solid ; ">a baz</td></tr><tr><td style="border-right: 1px solid ; border-bottom: 1px solid ; ">b foo</td><td style="border-right: 1px solid ; border-bottom: 1px solid ; ">b bar</td><td style="border-bottom: 1px solid ; ">b baz</td></tr><tr><td style="border-right: 1px solid ; ">c foo</td><td style="border-right: 1px solid ; ">c foo</td><td>c baz</td></tr></tbody></table></div></figure><p>HTML:</p><p>(N.B. This case will only succeed if the CSS border-collapse property is set to
collapse. The default CSS stylesheet for DocBook output does this.</p><figure id="R.1.34" class="informaltable-wrapper"><div class="informaltable"><table><col style="border-right: 0.4pt black solid" /><col style="border-right: 0.4pt black solid" /><tbody><tr style="border-bottom: 0.4pt black solid">
<td>a foo</td>
<td>a bar</td>
<td>a baz</td>
</tr><tr style="border-bottom: 0.4pt black solid">
<td>b foo</td>
<td>b bar</td>
<td>b baz</td>
</tr><tr>
<td>c foo</td>
<td>c foo</td>
<td>c baz</td>
</tr></tbody></table></div></figure><p>Tic Tac Toe (the perverse way, using colsep on colspec and rowsep on rows):</p><p>CALS:</p><figure id="R.1.37" class="informaltable-wrapper"><div class="informaltable"><table border="0" style="border-collapse: collapse;"><colgroup><col class="tcol1" width="33%" /><col class="tcol2" width="33%" /><col class="tcol3" width="33%" /></colgroup><tbody><tr style="border-bottom: 1px solid ; "><td style="border-right: 1px solid ; border-bottom: 1px solid ; ">a foo</td><td style="border-right: 1px solid ; border-bottom: 1px solid ; ">a bar</td><td style="border-bottom: 1px solid ; ">a baz</td></tr><tr style="border-bottom: 1px solid ; "><td style="border-right: 1px solid ; border-bottom: 1px solid ; ">b foo</td><td style="border-right: 1px solid ; border-bottom: 1px solid ; ">b bar</td><td style="border-bottom: 1px solid ; ">b baz</td></tr><tr><td style="border-right: 1px solid ; ">c foo</td><td style="border-right: 1px solid ; ">c foo</td><td>c baz</td></tr></tbody></table></div></figure><p>Box in the middle:</p><p>CALS:</p><figure id="R.1.40" class="informaltable-wrapper"><div class="informaltable"><table border="0" style="border-collapse: collapse;"><colgroup><col class="tcol1" width="33%" /><col class="tcol2" width="33%" /><col class="tcol3" width="33%" /></colgroup><tbody><tr><td>a foo</td><td style="border-bottom: 1px solid ; ">a bar</td><td>a baz</td></tr><tr><td style="border-right: 1px solid ; ">b foo</td><td style="border-right: 1px solid ; border-bottom: 1px solid ; ">b bar</td><td>b baz</td></tr><tr><td>c foo</td><td>c foo</td><td>c baz</td></tr></tbody></table></div></figure><p>HTML:</p><figure id="R.1.42" class="informaltable-wrapper"><div class="informaltable"><table><tbody><tr>
<td>a foo</td>
<td>a bar</td>
<td>a baz</td>
</tr><tr>
<td>b foo</td>
<td style="border: 0.4pt black solid">b bar</td>
<td>b baz</td>
</tr><tr>
<td>c foo</td>
<td>c foo</td>
<td>c baz</td>
</tr></tbody></table></div></figure><p>Jigsaw:</p><p>CALS:</p><figure id="R.1.45" class="informaltable-wrapper"><div class="informaltable"><table border="0" style="border-collapse: collapse;border-top: 1px solid ; border-bottom: 1px solid ; border-left: 1px solid ; border-right: 1px solid ; "><colgroup><col class="tcol1" width="33%" /><col class="tcol2" width="33%" /><col class="tcol3" width="33%" /></colgroup><tbody><tr><td style="border-bottom: 1px solid ; ">a foo</td><td style="border-right: 1px solid ; ">a bar</td><td>a baz</td></tr><tr><td style="border-right: 1px solid ; ">b foo</td><td style="border-right: 1px solid ; border-bottom: 1px solid ; ">b bar</td><td>b baz</td></tr><tr><td>c foo</td><td>c foo</td><td>c baz</td></tr></tbody></table></div></figure><p>HTML:</p><figure id="R.1.47" class="informaltable-wrapper"><div class="informaltable"><table style="border: 0.4pt black solid; border-collapse: collapse"><tbody><tr>
<td style="border-bottom: 0.4pt black solid">a foo</td>
<td style="border-right: 0.4pt black solid">a bar</td>
<td>a baz</td>
</tr><tr>
<td>b foo</td>
<td style="border-left: 0.4pt black solid;            border-bottom: 0.4pt black solid;            border-right: 0.4pt black solid">b bar</td>
<td>b baz</td>
</tr><tr>
<td>c foo</td>
<td>c foo</td>
<td>c baz</td>
</tr></tbody></table></div></figure></article><script src="../../resources/js/prism.js"></script></body></html>