<html xmlns="http://www.w3.org/1999/xhtml"><head><meta http-equiv="Content-Type" content="text/html; charset=UTF-8" /><title>Article wrapper</title><meta charset="utf-8" /><meta name="generator" content="DocBook XSL 2.0 Stylesheets V2.0.17" /><link rel="stylesheet" type="text/css" href="../../resources/css/default.css" /><script type="text/javascript" src="../../resources/js/dbmodnizr.js"></script><link href="../../resources/css/prism.css" rel="stylesheet" type="text/css" /><link href="../../resources/css/db-prism.css" rel="stylesheet" type="text/css" /></head><body><article id="R.1" class="article"><header class="article-titlepage"><h2>Article wrapper</h2></header><p>This test is a table with a long description.</p><p>CALS:</p><figure id="R.1.4" class="table-wrapper"><div class="title">Table 1. A table with a title</div><div class="longdesc-link">[<a class="dialog-link" href="#longdesc-d43766e23" title="long description link">D</a>]</div><div class="table"><table border="0" summary="Some short alt text" style="border-collapse: collapse;border-top: 1px solid ; border-bottom: 1px solid ; border-left: 1px solid ; border-right: 1px solid ; "><colgroup><col class="tcol1" width="25%" /><col class="tcol2" width="25%" /><col class="tcol3" width="25%" /><col class="tcol4" width="25%" /></colgroup><tbody><tr><td style="border-right: 1px solid ; border-bottom: 1px solid ; ">a1</td><td style="border-right: 1px solid ; border-bottom: 1px solid ; " rowspan="2" colspan="2">b1-c2</td><td style="border-bottom: 1px solid ; ">d1</td></tr><tr><td style="border-right: 1px solid ; border-bottom: 1px solid ; " rowspan="3">a2-a4</td><td style="border-bottom: 1px solid ; ">d2</td></tr><tr><td style="border-right: 1px solid ; border-bottom: 1px solid ; ">b3</td><td style="border-right: 1px solid ; border-bottom: 1px solid ; ">c3</td><td style="border-bottom: 1px solid ; ">d3</td></tr><tr><td style="border-right: 1px solid ; border-bottom: 1px solid ; ">b4</td><td style="border-right: 1px solid ; border-bottom: 1px solid ; " colspan="2">c4-d4</td></tr><tr><td style="border-right: 1px solid ; ">a5</td><td style="border-right: 1px solid ; ">b5</td><td style="border-right: 1px solid ; "> </td><td>d5</td></tr></tbody></table></div></figure><p>HTML tables don't have long descriptions.</p></article><script src="../../resources/js/prism.js"></script></body></html>