<html xmlns="http://www.w3.org/1999/xhtml"><head><meta http-equiv="Content-Type" content="text/html; charset=UTF-8" /><title>Article wrapper</title><meta charset="utf-8" /><meta name="generator" content="DocBook XSL 2.0 Stylesheets V2.0.17" /><link rel="stylesheet" type="text/css" href="../../resources/css/default.css" /><script type="text/javascript" src="../../resources/js/dbmodnizr.js"></script><link href="../../resources/css/prism.css" rel="stylesheet" type="text/css" /><link href="../../resources/css/db-prism.css" rel="stylesheet" type="text/css" /></head><body><article id="R.1" class="article"><header class="article-titlepage"><h2>Article wrapper</h2></header><p>Testing <code class="tag-element">trademark</code>.</p><div class="itemizedlist"><ul><li><p><span class="trademark">trademark™</span></p></li><li><p><span class="trademark">copyright trademark<sup>©</sup></span></p></li><li><p><span class="trademark">registered trademark<sup>®</sup></span></p></li><li><p><span class="trademark">service trademark<sup>SM</sup></span></p></li><li><p><span class="trademark">trade trademark™</span></p></li></ul></div></article><script src="../../resources/js/prism.js"></script></body></html>