<html xmlns="http://www.w3.org/1999/xhtml"><head><meta http-equiv="Content-Type" content="text/html; charset=UTF-8" /><title>Inline extended XLink</title><meta charset="utf-8" /><meta name="generator" content="DocBook XSL 2.0 Stylesheets V2.0.17" /><link rel="stylesheet" type="text/css" href="../../resources/css/default.css" /><link rel="stylesheet" type="text/css" href="http://ajax.googleapis.com/ajax/libs/jqueryui/1.11.4/themes/start/jquery-ui.css" /><script type="text/javascript" src="../../resources/js/dbmodnizr.js"></script><link href="../../resources/css/prism.css" rel="stylesheet" type="text/css" /><link href="../../resources/css/db-prism.css" rel="stylesheet" type="text/css" /></head><body><article id="R.1" class="article"><header class="article-titlepage"><h2>Inline extended XLink</h2></header><p>What about
<span><span class="nhrefs"><span class="source"><em class="citetitle">DocBook</em></span> [<a href="http://docbook.org/" class="arc">DocBook.org</a>, <a href="http://en.wikipedia.org/wiki/DocBook" class="arc">DocBook on Wikipedia</a>]</span></span>?
</p></article><script type="text/javascript" src="http://code.jquery.com/jquery-1.6.4.min.js"></script><script type="text/javascript" src="http://ajax.googleapis.com/ajax/libs/jqueryui/1.11.4/jquery-ui.min.js"></script><script type="text/javascript" src="../../resources/js/nhrefs.js"></script><script src="../../resources/js/prism.js"></script></body></html>