<html xmlns="http://www.w3.org/1999/xhtml"><head><meta http-equiv="Content-Type" content="text/html; charset=UTF-8" /><title>Chapter 1. Unit Test: xrefstyle.001.xml</title><meta charset="utf-8" /><meta name="generator" content="DocBook XSL 2.0 Stylesheets V2.0.17" /><link rel="stylesheet" type="text/css" href="../../resources/css/default.css" /><script type="text/javascript" src="../../resources/js/dbmodnizr.js"></script><link href="../../resources/css/prism.css" rel="stylesheet" type="text/css" /><link href="../../resources/css/db-prism.css" rel="stylesheet" type="text/css" /></head><body><article id="chapter" class="chapter"><header class="chapter-titlepage"><h2>Chapter 1. Unit Test: xrefstyle.001.xml</h2><div class="author"><h3><span class="personname"><span class="firstname">Norman</span> <span class="surname">Walsh</span></span></h3></div><p class="CVS">$Id: xrefstyle.001.xml 4056 2004-11-23 13:28:50Z nwalsh $</p></header><p>This is a test of xref styles.</p><p>Short self-reference: <a href="#chapter" title="Unit Test: xrefstyle.001.xml">Chapter 1, <i>Unit Test: xrefstyle.001.xml</i></a>.</p><p>Long self-reference: <a href="#chapter" title="Unit Test: xrefstyle.001.xml">Chapter 1, <i>Unit Test: xrefstyle.001.xml</i></a>.</p></article><script src="../../resources/js/prism.js"></script></body></html>